###############################################################################
#
# IAR ELF Linker V8.11.1.13263/W32 for ARM                10/Jul/2018  13:39:36
# Copyright 2007-2017 IAR Systems AB.
#
#    Output file  =  
#        D:\Users\PC-DCD\Desktop\智能车-电磁三轮程序\Prj\Release\Exe\Legendary.out
#    Map file     =  
#        D:\Users\PC-DCD\Desktop\智能车-电磁三轮程序\Prj\Release\List\Legendary.map
#    Command line =  
#        -f C:\Users\10542\AppData\Local\Temp\EW8A61.tmp
#        (D:\Users\PC-DCD\Desktop\智能车-电磁三轮程序\Prj\Release\Obj\control.o
#        D:\Users\PC-DCD\Desktop\智能车-电磁三轮程序\Prj\Release\Obj\dianci.o
#        D:\Users\PC-DCD\Desktop\智能车-电磁三轮程序\Prj\Release\Obj\Double_Motor.o
#        D:\Users\PC-DCD\Desktop\智能车-电磁三轮程序\Prj\Release\Obj\KEA_adc.o
#        D:\Users\PC-DCD\Desktop\智能车-电磁三轮程序\Prj\Release\Obj\KEA_ftm.o
#        D:\Users\PC-DCD\Desktop\智能车-电磁三轮程序\Prj\Release\Obj\KEA_gpio.o
#        D:\Users\PC-DCD\Desktop\智能车-电磁三轮程序\Prj\Release\Obj\KEA_PIT.o
#        D:\Users\PC-DCD\Desktop\智能车-电磁三轮程序\Prj\Release\Obj\KEA_port.o
#        D:\Users\PC-DCD\Desktop\智能车-电磁三轮程序\Prj\Release\Obj\KEA_SysTick.o
#        D:\Users\PC-DCD\Desktop\智能车-电磁三轮程序\Prj\Release\Obj\KEA_uart.o
#        D:\Users\PC-DCD\Desktop\智能车-电磁三轮程序\Prj\Release\Obj\KEA_wdog.o
#        D:\Users\PC-DCD\Desktop\智能车-电磁三轮程序\Prj\Release\Obj\main.o
#        D:\Users\PC-DCD\Desktop\智能车-电磁三轮程序\Prj\Release\Obj\Measurement_speed.o
#        D:\Users\PC-DCD\Desktop\智能车-电磁三轮程序\Prj\Release\Obj\misc.o
#        D:\Users\PC-DCD\Desktop\智能车-电磁三轮程序\Prj\Release\Obj\MKEA128_conf.o
#        D:\Users\PC-DCD\Desktop\智能车-电磁三轮程序\Prj\Release\Obj\MKEA128_it.o
#        D:\Users\PC-DCD\Desktop\智能车-电磁三轮程序\Prj\Release\Obj\MPU6050.o
#        D:\Users\PC-DCD\Desktop\智能车-电磁三轮程序\Prj\Release\Obj\My_I2C.o
#        D:\Users\PC-DCD\Desktop\智能车-电磁三轮程序\Prj\Release\Obj\PID.o
#        D:\Users\PC-DCD\Desktop\智能车-电磁三轮程序\Prj\Release\Obj\startup_SKEAZ1284.o
#        D:\Users\PC-DCD\Desktop\智能车-电磁三轮程序\Prj\Release\Obj\system_SKEAZ1284.o
#        D:\Users\PC-DCD\Desktop\智能车-电磁三轮程序\Prj\Release\Obj\VCAN_ASCII.o
#        D:\Users\PC-DCD\Desktop\智能车-电磁三轮程序\Prj\Release\Obj\VCAN_computer.o
#        D:\Users\PC-DCD\Desktop\智能车-电磁三轮程序\Prj\Release\Obj\VCAN_key.o
#        D:\Users\PC-DCD\Desktop\智能车-电磁三轮程序\Prj\Release\Obj\VCAN_key_event.o
#        D:\Users\PC-DCD\Desktop\智能车-电磁三轮程序\Prj\Release\Obj\VCAN_LCD.o
#        D:\Users\PC-DCD\Desktop\智能车-电磁三轮程序\Prj\Release\Obj\VCAN_LCD_CH.o
#        D:\Users\PC-DCD\Desktop\智能车-电磁三轮程序\Prj\Release\Obj\VCAN_LCD_ST7735R.o
#        D:\Users\PC-DCD\Desktop\智能车-电磁三轮程序\Prj\Release\Obj\VCAN_LCD_ST7735S.o
#        D:\Users\PC-DCD\Desktop\智能车-电磁三轮程序\Prj\Release\Obj\VCAN_LED.o
#        D:\Users\PC-DCD\Desktop\智能车-电磁三轮程序\Prj\Release\Obj\VCAN_NRF24L0.o
#        D:\Users\PC-DCD\Desktop\智能车-电磁三轮程序\Prj\Release\Obj\VCAN_NRF24L0_MSG.o
#        D:\Users\PC-DCD\Desktop\智能车-电磁三轮程序\Prj\Release\Obj\VCAN_TSL1401.o
#        D:\Users\PC-DCD\Desktop\智能车-电磁三轮程序\Prj\Release\Obj\VCAN_UI_VAR.o
#        D:\Users\PC-DCD\Desktop\智能车-电磁三轮程序\Prj\Release\Obj\vectors.o
#        -o
#        D:\Users\PC-DCD\Desktop\智能车-电磁三轮程序\Prj\Release\Exe\Legendary.out
#        --map
#        D:\Users\PC-DCD\Desktop\智能车-电磁三轮程序\Prj\Release\List\Legendary.map
#        --config
#        "D:\Users\PC-DCD\Desktop\智能车-电磁三轮程序\Prj\config
#        files\vcan_ROM_KEA128.icf" --entry __iar_program_start --inline --vfe
#        --text_out locale)
#
###############################################################################

*******************************************************************************
*** MESSAGES
***

Warning[Lt009]: Inconsistent wchar_t size
            VCAN_ASCII.o has wchar_t size 16 bits
            control.o and 46 other objects have wchar_t size 32 bits


*******************************************************************************
*** RUNTIME MODEL ATTRIBUTES
***

CppFlavor       = *
__SystemLibrary = DLib
__dlib_version  = 6


*******************************************************************************
*** HEAP SELECTION
***

The basic heap was selected because no calls to memory allocation
functions were found in the application outside of system library
functions, and there are calls to deallocation functions in the
application.


*******************************************************************************
*** PLACEMENT SUMMARY
***

"A0":  place at 0x00004000 { ro section .intvec };
"A1":  place at 0x000040c0 { ro section .noinit };
"P1":  place in [from 0x00004000 to 0x00020000] { ro, block CodeRelocate };
"P2":  place in [from 0x1ffff000 to 0x20003000] {
          rw, block CodeRelocateRam, block CSTACK, block HEAP };
initialize manually with packing = copy, complex ranges { section .data };

  Section              Kind        Address    Size  Object
  -------              ----        -------    ----  ------
"A0":                                         0xc0
  .intvec              const    0x00004000    0xc0  vectors.o [1]
                              - 0x000040c0    0xc0

"A1":                                          0x8
  .noinit              ro code  0x000040c0     0x8  startup_SKEAZ1284.o [1]
                              - 0x000040c8     0x8

"P1", part 1 of 2:                          0x3b8c
  .text                ro code  0x000040c8  0x12ec  VCAN_LCD_ST7735S.o [1]
  .text                ro code  0x000053b4    0xb8  KEA_gpio.o [1]
  .text                ro code  0x0000546c    0x40  misc.o [1]
  .text                ro code  0x000054ac   0x4b4  MPU6050.o [1]
  .text                ro code  0x00005960   0x210  My_I2C.o [1]
  .text                ro code  0x00005b70    0xa8  I64DivMod.o [5]
  .text                ro code  0x00005c18    0x7a  IxxToFlt.o [4]
  .text                ro code  0x00005c92    0xb0  FltMul.o [4]
  .text                ro code  0x00005d42    0xaa  FltDiv.o [4]
  .text                ro code  0x00005dec    0x58  KEA_port.o [1]
  .text                ro code  0x00005e44   0x44c  dianci.o [1]
  .text                ro code  0x00006290    0x54  KEA_adc.o [1]
  .text                ro code  0x000062e4    0xe0  I32DivModFast.o [5]
  .text                ro code  0x000063c4    0xa4  VCAN_LED.o [1]
  .text                ro code  0x00006468    0x34  IxxToDbl.o [4]
  .text                ro code  0x0000649c    0xc0  sqrt.o [4]
  .text                ro code  0x0000655c   0x1b4  DblAddSub.o [4]
  .text                ro code  0x00006710    0x62  DblToFlt.o [4]
  .text                ro code  0x00006774    0x26  FltCmpLe.o [4]
  .text                ro code  0x0000679c    0x28  FltCmpGe.o [4]
  .text                ro code  0x000067c4    0x32  FltToDbl.o [4]
  .text                ro code  0x000067f6   0x184  DblMul.o [4]
  .text                ro code  0x0000697c   0x270  KEA_ftm.o [1]
  .text                ro code  0x00006bec    0x3a  FltToS32.o [4]
  .text                ro code  0x00006c28    0x26  FltToU32.o [4]
  .text                ro code  0x00006c50   0x1cc  main.o [1]
  .text                ro code  0x00006e1c    0xdc  VCAN_LCD.o [1]
  .text                ro code  0x00006ef8   0x128  Double_Motor.o [1]
  .text                ro code  0x00007020   0x158  PID.o [1]
  .text                ro code  0x00007178    0xc0  VCAN_key.o [1]
  .text                ro code  0x00007238    0x40  KEA_PIT.o [1]
  .text                ro code  0x00007278    0x28  KEA_SysTick.o [1]
  .text                ro code  0x000072a0   0x120  Measurement_speed.o [1]
  .text                ro code  0x000073c0    0xd8  control.o [1]
  .text                ro code  0x00007498   0x120  FltAddSub.o [4]
  .text                ro code  0x000075b8    0x4e  VCAN_computer.o [1]
  .text                ro code  0x00007608    0xe8  KEA_uart.o [1]
  .data_init                    0x000076f0   0x180  <Block>
    Initializer bytes  const    0x000076f0   0x180  <for .data-1>
  .text                ro code  0x00007870   0x160  vectors.o [1]
  .text                ro code  0x000079d0    0x1a  MKEA128_conf.o [1]
  .text                ro code  0x000079ec    0xcc  system_SKEAZ1284.o [1]
  .text                ro code  0x00007ab8    0x38  KEA_wdog.o [1]
  .text                ro code  0x00007af0    0x5c  ABImemcpy.o [5]
  .text                ro code  0x00007b4c    0x48  ABImemset.o [5]
  .text                ro code  0x00007b94    0x40  zero_init3.o [5]
  .text                ro code  0x00007bd4    0x28  data_init.o [5]
  .iar.init_table      const    0x00007bfc    0x10  - Linker created -
  .text                ro code  0x00007c0c    0x1a  cmain.o [5]
  .text                ro code  0x00007c26     0x8  exit.o [3]
  .text                ro code  0x00007c30     0xa  cexit.o [5]
  .text                ro code  0x00007c3c     0xc  XXexit.o [5]
  .text                ro code  0x00007c48     0xc  cstartup_M.o [5]
  .rodata              const    0x00007c54     0x0  zero_init3.o [5]
                              - 0x00007c54  0x3b8c

"P1", part 2 of 2:                             0x0
  CodeRelocate                  0x00007c54     0x0  <Block>

"P2", part 1 of 3:                           0x180
  .data                         0x1ffff000   0x180  <Block>
    .data-1                     0x1ffff000   0x17e  <Init block>
      .data            inited   0x1ffff000    0xec  dianci.o [1]
      .data            inited   0x1ffff0ec     0xc  KEA_gpio.o [1]
      .data            inited   0x1ffff0f8    0x6c  MPU6050.o [1]
      .data            inited   0x1ffff164    0x10  VCAN_key.o [1]
      .data            inited   0x1ffff174     0x4  VCAN_LED.o [1]
      .data            inited   0x1ffff178     0x6  VCAN_LCD_ST7735S.o [1]
                              - 0x1ffff180   0x180

"P2", part 2 of 3:                           0x15c
  .bss                          0x1ffff180   0x15c  <Block>
    .bss               zero     0x1ffff180     0x8  control.o [1]
    .bss               zero     0x1ffff188     0x8  control.o [1]
    .bss               zero     0x1ffff190     0xc  KEA_ftm.o [1]
    .bss               zero     0x1ffff19c    0x1c  main.o [1]
    .bss               zero     0x1ffff1b8    0x2c  Measurement_speed.o [1]
    .bss               zero     0x1ffff1e4     0x4  MPU6050.o [1]
    .bss               zero     0x1ffff1e8    0x84  MPU6050.o [1]
    .bss               zero     0x1ffff26c    0x60  PID.o [1]
    .bss               zero     0x1ffff2cc    0x10  system_SKEAZ1284.o [1]
                              - 0x1ffff2dc   0x15c

"P2", part 3 of 3:                             0x0
  CodeRelocateRam               0x1ffff2dc     0x0  <Block>


*******************************************************************************
*** INIT TABLE
***

          Address     Size
          -------     ----
Zero (__iar_zero_init3)
    1 destination range, total size 0x15c:
          0x1ffff180  0x15c



*******************************************************************************
*** MODULE SUMMARY
***

    Module               ro code  ro data  rw data
    ------               -------  -------  -------
D:\Users\PC-DCD\Desktop\智能车-电磁三轮程序\Prj\Release\Obj: [1]
    Double_Motor.o           296
    KEA_PIT.o                 64
    KEA_SysTick.o             40
    KEA_adc.o                 84
    KEA_ftm.o                624                12
    KEA_gpio.o               184       12       12
    KEA_port.o                88
    KEA_uart.o               232
    KEA_wdog.o                56
    MKEA128_conf.o            26
    MPU6050.o              1 204      108      244
    Measurement_speed.o      288                44
    My_I2C.o                 528
    PID.o                    344                96
    VCAN_LCD.o               220
    VCAN_LCD_ST7735S.o     4 844        6        6
    VCAN_LED.o               164        4        4
    VCAN_computer.o           78
    VCAN_key.o               192       16       16
    control.o                216                16
    dianci.o               1 100      236      236
    main.o                   460                28
    misc.o                    64
    startup_SKEAZ1284.o        8
    system_SKEAZ1284.o       204                16
    vectors.o                352      192
    ----------------------------------------------
    Total:                11 960      574      730

command line: [2]
    ----------------------------------------------
    Total:

dl6M_tlf.a: [3]
    exit.o                     8
    ----------------------------------------------
    Total:                     8

m6M_tl.a: [4]
    DblAddSub.o              436
    DblMul.o                 388
    DblToFlt.o                98
    FltAddSub.o              288
    FltCmpGe.o                40
    FltCmpLe.o                38
    FltDiv.o                 170
    FltMul.o                 176
    FltToDbl.o                50
    FltToS32.o                58
    FltToU32.o                38
    IxxToDbl.o                52
    IxxToFlt.o               122
    sqrt.o                   192
    ----------------------------------------------
    Total:                 2 146

rt6M_tl.a: [5]
    ABImemcpy.o               92
    ABImemset.o               72
    I32DivModFast.o          224
    I64DivMod.o              168
    XXexit.o                  12
    cexit.o                   10
    cmain.o                   26
    cstartup_M.o              12
    data_init.o               40
    zero_init3.o              64
    ----------------------------------------------
    Total:                   720

    Gaps                      18
    Linker created                     18
--------------------------------------------------
    Grand Total:          14 852      592      730


*******************************************************************************
*** ENTRY LIST
***

Entry                      Address   Size  Type      Object
-----                      -------   ----  ----      ------
.bss$$Base              0x1ffff180          --   Gb  - Linker created -
.bss$$Limit             0x1ffff2dc          --   Gb  - Linker created -
.data$$Base             0x1ffff000          --   Gb  - Linker created -
.data$$Limit            0x1ffff180          --   Gb  - Linker created -
.data_init$$Base        0x000076f0          --   Gb  - Linker created -
.data_init$$Limit       0x00007870          --   Gb  - Linker created -
.iar.init_table$$Base   0x00007bfc          --   Gb  - Linker created -
.iar.init_table$$Limit  0x00007c0c          --   Gb  - Linker created -
?main                   0x00007c0d         Code  Gb  cmain.o [5]
ACC                     0x1ffff114    0x8  Data  Gb  MPU6050.o [1]
ACC_Offset              0x1ffff104    0x8  Data  Gb  MPU6050.o [1]
ACC_Real                0x1ffff128    0xc  Data  Gb  MPU6050.o [1]
ACC_X_BUF               0x1ffff230   0x14  Data  Gb  MPU6050.o [1]
ACC_Y_BUF               0x1ffff244   0x14  Data  Gb  MPU6050.o [1]
ACC_Z_BUF               0x1ffff258   0x14  Data  Gb  MPU6050.o [1]
Attitude_Angle          0x1ffff140    0xc  Data  Gb  MPU6050.o [1]
CodeRelocate$$Base      0x00007c54          --   Gb  - Linker created -
CodeRelocate$$Limit     0x00007c54          --   Gb  - Linker created -
CodeRelocateRam$$Base   0x1ffff2dc          --   Gb  - Linker created -
CodeRelocateRam$$Limit  0x1ffff2dc          --   Gb  - Linker created -
Data_Filter             0x00005713  0x242  Code  Gb  MPU6050.o [1]
Double_Motor_init       0x00006ef9   0x3c  Code  Gb  Double_Motor.o [1]
Double_Motor_pwm_duty   0x00006f35   0xce  Code  Gb  Double_Motor.o [1]
GPIOX                   0x1ffff0ec    0xc  Data  Gb  KEA_gpio.o [1]
GYRO                    0x1ffff10c    0x8  Data  Gb  MPU6050.o [1]
GYRO_Offset             0x1ffff0fc    0x8  Data  Gb  MPU6050.o [1]
GYRO_Real               0x1ffff11c    0xc  Data  Gb  MPU6050.o [1]
GYRO_X_BUF              0x1ffff1e8   0x18  Data  Gb  MPU6050.o [1]
GYRO_Y_BUF              0x1ffff200   0x18  Data  Gb  MPU6050.o [1]
GYRO_Z_BUF              0x1ffff218   0x18  Data  Gb  MPU6050.o [1]
GetData                 0x000056ed   0x26  Code  Gb  MPU6050.o [1]
I2C_SendACK             0x00005a03   0x42  Code  Gb  My_I2C.o [1]
IIC_init                0x00005961   0x28  Code  Gb  My_I2C.o [1]
IIC_start               0x00005993   0x38  Code  Gb  My_I2C.o [1]
IIC_stop                0x000059cb   0x38  Code  Gb  My_I2C.o [1]
IncPIDInit              0x00007021   0x30  Code  Gb  PID.o [1]
KEY_PTxn                0x1ffff16c    0x8  Data  Gb  VCAN_key.o [1]
KalmanFilter::Posterior_Convariance
                        0x1ffff160    0x4  Data  Lc  MPU6050.o [1]
KalmanFilter::Posterior_Estimation
                        0x1ffff15c    0x4  Data  Lc  MPU6050.o [1]
KalmanGain              0x1ffff158    0x4  Data  Gb  MPU6050.o [1]
LCD_ST7735S_dir         0x00004bdd  0x5b6  Code  Gb  VCAN_LCD_ST7735S.o [1]
LCD_ST7735S_init        0x000040c9  0xb0e  Code  Gb  VCAN_LCD_ST7735S.o [1]
LCD_ST7735S_ptlon       0x00005199  0x206  Code  Gb  VCAN_LCD_ST7735S.o [1]
LED_PTxn                0x1ffff174    0x4  Data  Gb  VCAN_LED.o [1]
MPU6050_GetData         0x00005669   0x7e  Code  Gb  MPU6050.o [1]
MPU6050_Init            0x000054ad   0x94  Code  Gb  MPU6050.o [1]
MPU6050_Offset          0x00005541  0x128  Code  Gb  MPU6050.o [1]
Measurement_speed       0x000072c3   0xf2  Code  Gb  Measurement_speed.o [1]
Measurement_speed_init  0x000072a1   0x22  Code  Gb  Measurement_speed.o [1]
Motor_out               0x00007455    0xc  Code  Gb  control.o [1]
My_Delay_Us             0x00005989    0xa  Code  Gb  My_I2C.o [1]
Offset_OK               0x1ffff0f8    0x1  Data  Gb  MPU6050.o [1]
Radius                  0x1ffff1e4    0x4  Data  Gb  MPU6050.o [1]
Region$$Table$$Base     0x00007bfc          --   Gb  - Linker created -
Region$$Table$$Limit    0x00007c0c          --   Gb  - Linker created -
Reset_Handler           0x000040c1         Code  Gb  startup_SKEAZ1284.o [1]
RoundCenterStart_1      0x1ffff0ac    0x4  Data  Gb  dianci.o [1]
RoundCenterStart_2      0x1ffff0b0    0x4  Data  Gb  dianci.o [1]
RoundCenterStart_L      0x1ffff0a4    0x4  Data  Gb  dianci.o [1]
RoundCenterStart_R      0x1ffff0a8    0x4  Data  Gb  dianci.o [1]
RoundI                  0x1ffff0b4    0x4  Data  Gb  dianci.o [1]
SCCB_WaitAck            0x00005a45   0x3c  Code  Gb  My_I2C.o [1]
ST7735S_get_h           0x0000539f    0x6  Code  Gb  VCAN_LCD_ST7735S.o [1]
ST7735S_get_w           0x000053a5    0x6  Code  Gb  VCAN_LCD_ST7735S.o [1]
Speed_PID               0x00007051   0x52  Code  Gb  PID.o [1]
Tar_Ang_Vel             0x1ffff134    0xc  Data  Gb  MPU6050.o [1]
Target_Angle            0x1ffff14c    0xc  Data  Gb  MPU6050.o [1]
Tracking_ADC_Val_Sub    0x1ffff0e8    0x4  Data  Gb  dianci.o [1]
Tracking_ADC_Val_Sum    0x1ffff0e4    0x4  Data  Gb  dianci.o [1]
Tracking_ADC_Val_Sum_C  0x1ffff0d8    0x4  Data  Gb  dianci.o [1]
Tracking_ADC_Val_Sum_L  0x1ffff0d0    0x4  Data  Gb  dianci.o [1]
Tracking_ADC_Val_Sum_L_L
                        0x1ffff0d4    0x4  Data  Gb  dianci.o [1]
Tracking_ADC_Val_Sum_R  0x1ffff0e0    0x4  Data  Gb  dianci.o [1]
Tracking_ADC_Val_Sum_R_R
                        0x1ffff0dc    0x4  Data  Gb  dianci.o [1]
Tracking_ADC_Val_Temp_C
                        0x1ffff028   0x14  Data  Gb  dianci.o [1]
Tracking_ADC_Val_Temp_L
                        0x1ffff000   0x14  Data  Gb  dianci.o [1]
Tracking_ADC_Val_Temp_L_L
                        0x1ffff014   0x14  Data  Gb  dianci.o [1]
Tracking_ADC_Val_Temp_R
                        0x1ffff050   0x14  Data  Gb  dianci.o [1]
Tracking_ADC_Val_Temp_R_R
                        0x1ffff03c   0x14  Data  Gb  dianci.o [1]
Tracking_Sensor_data_C  0x1ffff0c4    0x4  Data  Gb  dianci.o [1]
Tracking_Sensor_data_L  0x1ffff0bc    0x4  Data  Gb  dianci.o [1]
Tracking_Sensor_data_L_L
                        0x1ffff0c0    0x4  Data  Gb  dianci.o [1]
Tracking_Sensor_data_R  0x1ffff0cc    0x4  Data  Gb  dianci.o [1]
Tracking_Sensor_data_R_R
                        0x1ffff0c8    0x4  Data  Gb  dianci.o [1]
Weighted_Ration         0x1ffff068   0x14  Data  Gb  dianci.o [1]
Weighted_Ration_add     0x1ffff064    0x2  Data  Gb  dianci.o [1]
__BOOT_STACK_ADDRESS {Abs}
                        0x20002ff8         Data  Gb  command line/config [2]
__VECTOR_TABLE {Abs}    0x00004000         Data  Gb  command line/config [2]
__aeabi_cfcmple         0x00006775         Code  Gb  FltCmpLe.o [4]
__aeabi_cfrcmple        0x0000679d         Code  Gb  FltCmpGe.o [4]
__aeabi_d2f             0x00006711         Code  Gb  DblToFlt.o [4]
__aeabi_dadd            0x0000655d         Code  Gb  DblAddSub.o [4]
__aeabi_dmul            0x000067f7         Code  Gb  DblMul.o [4]
__aeabi_dsub            0x00006623         Code  Gb  DblAddSub.o [4]
__aeabi_f2d             0x000067c5         Code  Gb  FltToDbl.o [4]
__aeabi_f2iz            0x00006bed         Code  Gb  FltToS32.o [4]
__aeabi_f2uiz           0x00006c29         Code  Gb  FltToU32.o [4]
__aeabi_fadd            0x00007499         Code  Gb  FltAddSub.o [4]
__aeabi_fdiv            0x00005d43         Code  Gb  FltDiv.o [4]
__aeabi_fmul            0x00005c93         Code  Gb  FltMul.o [4]
__aeabi_fsub            0x00007509         Code  Gb  FltAddSub.o [4]
__aeabi_i2d             0x00006489         Code  Gb  IxxToDbl.o [4]
__aeabi_i2f             0x00005c7d         Code  Gb  IxxToFlt.o [4]
__aeabi_idiv            0x00006311         Code  Gb  I32DivModFast.o [5]
__aeabi_idivmod         0x00006311         Code  Gb  I32DivModFast.o [5]
__aeabi_l2f             0x00005c19         Code  Gb  IxxToFlt.o [4]
__aeabi_ldivmod         0x00005b71         Code  Gb  I64DivMod.o [5]
__aeabi_memclr          0x00007b91         Code  Gb  ABImemset.o [5]
__aeabi_memcpy          0x00007af1         Code  Gb  ABImemcpy.o [5]
__aeabi_ui2d            0x00006469         Code  Gb  IxxToDbl.o [4]
__aeabi_ui2f            0x00005c5d         Code  Gb  IxxToFlt.o [4]
__aeabi_uidiv           0x00006317         Code  Gb  I32DivModFast.o [5]
__aeabi_uidivmod        0x00006317         Code  Gb  I32DivModFast.o [5]
__aeabi_ul2f            0x00005c35         Code  Gb  IxxToFlt.o [4]
__aeabi_uldivmod        0x00005baf         Code  Gb  I64DivMod.o [5]
__cmain                 0x00007c0d         Code  Gb  cmain.o [5]
__code_start__ {Abs}    0x000040c0         Data  Gb  command line/config [2]
__exit                  0x00007c3d         Code  Gb  XXexit.o [5]
__iar_Memset4_word      0x00007b61         Code  Gb  ABImemset.o [5]
__iar_Memset_word       0x00007b4d         Code  Gb  ABImemset.o [5]
__iar_data_init3        0x00007bd5   0x28  Code  Gb  data_init.o [5]
__iar_program_start     0x00007c49         Code  Gb  cstartup_M.o [5]
__iar_sqrt64            0x0000649d         Code  Gb  sqrt.o [4]
__iar_systems$$module {Abs}
                        0x00000001         Data  Gb  command line/config [2]
__iar_zero_init3        0x00007b95   0x40  Code  Gb  zero_init3.o [5]
__vector_table          0x00004000   0xc0  Data  Gb  vectors.o [1]
_call_main              0x00007c19         Code  Gb  cmain.o [5]
_exit                   0x00007c31         Code  Gb  cexit.o [5]
_main                   0x00007c23         Code  Gb  cmain.o [5]
acmp0_irqhandler_default
                        0x00007959    0x8  Code  Lc  vectors.o [1]
acmp1_irqhandler_default
                        0x00007981    0x8  Code  Lc  vectors.o [1]
adc0_irqhandler_default
                        0x00007951    0x8  Code  Lc  vectors.o [1]
adc_init                0x00006291   0x1e  Code  Gb  KEA_adc.o [1]
adc_once                0x000062af   0x2a  Code  Gb  KEA_adc.o [1]
bus_clk_khz             0x1ffff2d4    0x4  Data  Gb  system_SKEAZ1284.o [1]
car_Dir_out             0x1ffff180    0x4  Data  Gb  control.o [1]
car_Speed_out           0x1ffff188    0x4  Data  Gb  control.o [1]
common_startup          0x00007a45   0x32  Code  Gb  system_SKEAZ1284.o [1]
core_clk_khz            0x1ffff2cc    0x4  Data  Gb  system_SKEAZ1284.o [1]
core_clk_mhz            0x1ffff2d0    0x4  Data  Gb  system_SKEAZ1284.o [1]
count_left              0x1ffff1e0    0x2  Data  Gb  Measurement_speed.o [1]
count_left_l            0x1ffff1b8   0x14  Data  Gb  Measurement_speed.o [1]
count_right             0x1ffff1e2    0x2  Data  Gb  Measurement_speed.o [1]
count_right_r           0x1ffff1cc   0x14  Data  Gb  Measurement_speed.o [1]
d_PID                   0x1ffff28c   0x20  Data  Lc  PID.o [1]
d_d_PID                 0x1ffff2ac   0x20  Data  Lc  PID.o [1]
default_isr             0x000079d1   0x1a  Code  Gb  MKEA128_conf.o [1]
dianci_1                0x00005e6d    0xe  Code  Gb  dianci.o [1]
dianci_2                0x00005e7b    0xe  Code  Gb  dianci.o [1]
dianci_3                0x00005e89    0xe  Code  Gb  dianci.o [1]
dianci_4                0x00005e97    0xe  Code  Gb  dianci.o [1]
dianci_6                0x00005ea5    0xe  Code  Gb  dianci.o [1]
dianci_init             0x00005e45   0x28  Code  Gb  dianci.o [1]
dianci_manage           0x00005eb5  0x3a4  Code  Gb  dianci.o [1]
dir_PID                 0x000070a3   0x4c  Code  Gb  PID.o [1]
dir_d_PID               0x000070ef   0x50  Code  Gb  PID.o [1]
exit                    0x00007c27    0x8  Code  Gb  exit.o [3]
ftm0_irqhandler_default
                        0x00007961    0x8  Code  Lc  vectors.o [1]
ftm1_irqhandler_default
                        0x00007969    0x8  Code  Lc  vectors.o [1]
ftm2_irqhandler_default
                        0x00007971    0x8  Code  Lc  vectors.o [1]
ftm_mod                 0x1ffff190    0xc  Data  Lc  KEA_ftm.o [1]
ftm_port_mux            0x0000697d   0xae  Code  Lc  KEA_ftm.o [1]
ftm_pulse_init          0x00006bc5   0x28  Code  Gb  KEA_ftm.o [1]
ftm_pulse_mux           0x00006b51   0x5c  Code  Gb  KEA_ftm.o [1]
ftm_pwm_fduty           0x00006ae1   0x5a  Code  Gb  KEA_ftm.o [1]
ftm_pwm_finit           0x00006a2b   0xa2  Code  Gb  KEA_ftm.o [1]
ftmre_irqhandler_default
                        0x00007901    0x8  Code  Lc  vectors.o [1]
gpio_ddr                0x000053f9   0x22  Code  Gb  KEA_gpio.o [1]
gpio_get                0x00005451   0x16  Code  Gb  KEA_gpio.o [1]
gpio_init               0x000053b5   0x44  Code  Gb  KEA_gpio.o [1]
gpio_set                0x0000541b   0x22  Code  Gb  KEA_gpio.o [1]
gpio_turn               0x0000543d   0x14  Code  Gb  KEA_gpio.o [1]
hardfault_handler_default
                        0x00007879    0x8  Code  Lc  vectors.o [1]
i                       0x1ffff1b4    0x4  Data  Gb  main.o [1]
i2c0_irqhandler_default
                        0x00007919    0x8  Code  Lc  vectors.o [1]
i2c1_irqhandler_default
                        0x00007921    0x8  Code  Lc  vectors.o [1]
ics_init                0x00007a0b   0x3a  Code  Gb  system_SKEAZ1284.o [1]
ics_irqhandler_default  0x000079a9    0x8  Code  Lc  vectors.o [1]
irq_irqhandler_default  0x00007911    0x8  Code  Lc  vectors.o [1]
kbi0_irqhandler_default
                        0x00007991    0x8  Code  Lc  vectors.o [1]
kbi1_irqhandler_default
                        0x00007999    0x8  Code  Lc  vectors.o [1]
key_IRQHandler::keytime
                        0x1ffff164    0x8  Data  Lc  VCAN_key.o [1]
key_check               0x0000720b   0x28  Code  Gb  VCAN_key.o [1]
key_init                0x00007179   0x92  Code  Gb  VCAN_key.o [1]
lcd_init                0x00006e1d   0x26  Code  Gb  VCAN_LCD.o [1]
lcd_rectangle           0x00006e49   0xaa  Code  Gb  VCAN_LCD.o [1]
led                     0x00006403   0x38  Code  Gb  VCAN_LED.o [1]
led_init                0x000063c5   0x3e  Code  Gb  VCAN_LED.o [1]
led_turn                0x0000643b   0x2a  Code  Gb  VCAN_LED.o [1]
main                    0x00006c51  0x1cc  Code  Gb  main.o [1]
mscan_rx_irqhandler_default
                        0x000079c1    0x8  Code  Lc  vectors.o [1]
mscan_tx_err_wakeup_irqhandler_default
                        0x000079c9    0x8  Code  Lc  vectors.o [1]
nmi_handler_default     0x00007871    0x8  Code  Lc  vectors.o [1]
pendsv_handler_default  0x000078d1    0x8  Code  Lc  vectors.o [1]
pit_ch0_irq             0x00007415   0x40  Code  Gb  control.o [1]
pit_ch0_irq::i          0x1ffff18c    0x4  Data  Lc  control.o [1]
pit_ch1_irqhandler_default
                        0x00007989    0x8  Code  Lc  vectors.o [1]
pit_init                0x00007239   0x34  Code  Gb  KEA_PIT.o [1]
pmc_irqhandler_default  0x00007909    0x8  Code  Lc  vectors.o [1]
point_center            0x1ffff0b8    0x4  Data  Gb  dianci.o [1]
point_center_record     0x1ffff07c   0x28  Data  Gb  dianci.o [1]
port_pull               0x00005ded   0x4a  Code  Gb  KEA_port.o [1]
pwt_irqhandler_default  0x000079b9    0x8  Code  Lc  vectors.o [1]
read_ch                 0x00005ac7   0x44  Code  Gb  My_I2C.o [1]
rtc_irqhandler_default  0x00007979    0x8  Code  Lc  vectors.o [1]
s_PID                   0x1ffff26c   0x20  Data  Lc  PID.o [1]
send_ch                 0x00005a81   0x46  Code  Gb  My_I2C.o [1]
set_Speed               0x0000716b    0x6  Code  Gb  PID.o [1]
set_d_PID               0x0000714d    0xa  Code  Gb  PID.o [1]
set_d_d_PID             0x00007157    0xa  Code  Gb  PID.o [1]
set_s_PID               0x00007161    0xa  Code  Gb  PID.o [1]
simiic_read_reg         0x00005b31   0x40  Code  Gb  My_I2C.o [1]
simiic_write_reg        0x00005b0b   0x26  Code  Gb  My_I2C.o [1]
soft_delay_ms           0x0000546d   0x2e  Code  Gb  misc.o [1]
spi0_irqhandler_default
                        0x00007929    0x8  Code  Lc  vectors.o [1]
spi1_irqhandler_default
                        0x00007931    0x8  Code  Lc  vectors.o [1]
sqrt                    0x0000649d         Code  Gb  sqrt.o [4]
sqrtl                   0x0000649d         Code  Gb  sqrt.o [4]
st7735s_dir             0x1ffff178    0x1  Data  Gb  VCAN_LCD_ST7735S.o [1]
st7735s_h               0x1ffff17a    0x2  Data  Gb  VCAN_LCD_ST7735S.o [1]
st7735s_w               0x1ffff17c    0x2  Data  Gb  VCAN_LCD_ST7735S.o [1]
start                   0x000079ed   0x1e  Code  Gb  system_SKEAZ1284.o [1]
svc_handler_default     0x000078b9    0x8  Code  Lc  vectors.o [1]
systick_irq             0x000073c1   0x54  Code  Gb  control.o [1]
systick_irq::i          0x1ffff184    0x4  Data  Lc  control.o [1]
systick_timing          0x00007279   0x1e  Code  Gb  KEA_SysTick.o [1]
timer_clk_khz           0x1ffff2d8    0x4  Data  Gb  system_SKEAZ1284.o [1]
uart0_irqhandler_default
                        0x00007939    0x8  Code  Lc  vectors.o [1]
uart1_irqhandler_default
                        0x00007941    0x8  Code  Lc  vectors.o [1]
uart2_irqhandler_default
                        0x00007949    0x8  Code  Lc  vectors.o [1]
uart_init               0x00007609   0xaa  Code  Gb  KEA_uart.o [1]
uart_putbuff            0x000076b3   0x20  Code  Gb  KEA_uart.o [1]
var                     0x1ffff19c   0x18  Data  Gb  main.o [1]
vcan_sendware           0x000075e9   0x18  Code  Gb  VCAN_computer.o [1]
vector_004_default      0x00007881    0x8  Code  Lc  vectors.o [1]
vector_005_default      0x00007889    0x8  Code  Lc  vectors.o [1]
vector_006_default      0x00007891    0x8  Code  Lc  vectors.o [1]
vector_007_default      0x00007899    0x8  Code  Lc  vectors.o [1]
vector_008_default      0x000078a1    0x8  Code  Lc  vectors.o [1]
vector_009_default      0x000078a9    0x8  Code  Lc  vectors.o [1]
vector_010_default      0x000078b1    0x8  Code  Lc  vectors.o [1]
vector_012_default      0x000078c1    0x8  Code  Lc  vectors.o [1]
vector_013_default      0x000078c9    0x8  Code  Lc  vectors.o [1]
vector_016_default      0x000078d9    0x8  Code  Lc  vectors.o [1]
vector_017_default      0x000078e1    0x8  Code  Lc  vectors.o [1]
vector_018_default      0x000078e9    0x8  Code  Lc  vectors.o [1]
vector_019_default      0x000078f1    0x8  Code  Lc  vectors.o [1]
vector_020_default      0x000078f9    0x8  Code  Lc  vectors.o [1]
vector_042_default      0x000079a1    0x8  Code  Lc  vectors.o [1]
wdog_disable            0x00007ab9   0x26  Code  Gb  KEA_wdog.o [1]
wdog_irqhandler_default
                        0x000079b1    0x8  Code  Lc  vectors.o [1]
write_vtor              0x0000549b    0x6  Code  Gb  misc.o [1]


[1] = D:\Users\PC-DCD\Desktop\智能车-电磁三轮程序\Prj\Release\Obj
[2] = command line
[3] = dl6M_tlf.a
[4] = m6M_tl.a
[5] = rt6M_tl.a

  14 852 bytes of readonly  code memory
     592 bytes of readonly  data memory
     730 bytes of readwrite data memory

Errors: none
Warnings: 1
